Copyright 1986-2022 Xilinx, Inc. All Rights Reserved. Copyright 2022-2026 Advanced Micro Devices, Inc. All Rights Reserved.
---------------------------------------------------------------------------------------------------------------------------------------------
| Tool Version : Vivado v.2026.1 (win64) Build 6511674 Tue Jun 16 11:02:23 MDT 2026
| Date         : Sat Aug  1 19:17:59 2026
| Host         : MSI running 64-bit major release  (build 9200)
| Command      : report_utilization -file C:/Users/kanak/Downloads/FPGA-speed-up-Project-main/synth/ooc/reports/bsw_top_impl_ml3_util.rpt
| Design       : bsw_top
| Device       : xc7v2000tfhg1761-2
| Speed File   : -2
| Design State : Routed
---------------------------------------------------------------------------------------------------------------------------------------------

Utilization Design Information

Table of Contents
-----------------
1. Slice Logic
1.1 Summary of Registers by Type
2. Slice Logic Distribution
3. Memory
4. DSP
5. IO and GT Specific
6. Clocking
7. Specific Feature
8. Primitives
9. Black Boxes
10. Instantiated Netlists
11. SLR Connectivity
12. SLR Connectivity Matrix
13. SLR Slice Logic and Dedicated Block Utilization
14. SLR IO Utilization

1. Slice Logic
--------------

+-------------------------+-------+-------+------------+-----------+-------+
|        Site Type        |  Used | Fixed | Prohibited | Available | Util% |
+-------------------------+-------+-------+------------+-----------+-------+
| Slice LUTs              | 70613 |     0 |          0 |   1221600 |  5.78 |
|   LUT as Logic          | 70613 |     0 |          0 |   1221600 |  5.78 |
|   LUT as Memory         |     0 |     0 |          0 |    344800 |  0.00 |
| Slice Registers         | 27837 |     0 |          0 |   2443200 |  1.14 |
|   Register as Flip Flop | 27837 |     0 |          0 |   2443200 |  1.14 |
|   Register as Latch     |     0 |     0 |          0 |   2443200 |  0.00 |
| F7 Muxes                |   701 |     0 |          0 |    610800 |  0.11 |
| F8 Muxes                |   348 |     0 |          0 |    305400 |  0.11 |
| Unique Control Sets     |   636 |       |          0 |    305400 |  0.21 |
+-------------------------+-------+-------+------------+-----------+-------+
* Warning! LUT value is adjusted to account for LUT combining.
** Note: Available Control Sets calculated as Slice * 1, Review the Control Sets Report for more information regarding control sets.


1.1 Summary of Registers by Type
--------------------------------

+-------+--------------+-------------+--------------+
| Total | Clock Enable | Synchronous | Asynchronous |
+-------+--------------+-------------+--------------+
| 0     |            _ |           - |            - |
| 0     |            _ |           - |          Set |
| 0     |            _ |           - |        Reset |
| 0     |            _ |         Set |            - |
| 0     |            _ |       Reset |            - |
| 0     |          Yes |           - |            - |
| 0     |          Yes |           - |          Set |
| 0     |          Yes |           - |        Reset |
| 129   |          Yes |         Set |            - |
| 27708 |          Yes |       Reset |            - |
+-------+--------------+-------------+--------------+


2. Slice Logic Distribution
---------------------------

+--------------------------------------------+-------+-------+------------+-----------+-------+
|                  Site Type                 |  Used | Fixed | Prohibited | Available | Util% |
+--------------------------------------------+-------+-------+------------+-----------+-------+
| Slice                                      | 20051 |     0 |          0 |    305400 |  6.57 |
|   SLICEL                                   | 14127 |     0 |            |           |       |
|   SLICEM                                   |  5924 |     0 |            |           |       |
| LUT as Logic                               | 70613 |     0 |          0 |   1221600 |  5.78 |
|   using O5 output only                     |     3 |       |            |           |       |
|   using O6 output only                     | 50898 |       |            |           |       |
|   using O5 and O6                          | 19712 |       |            |           |       |
| LUT as Memory                              |     0 |     0 |          0 |    344800 |  0.00 |
|   LUT as Distributed RAM                   |     0 |     0 |            |           |       |
|     using O5 output only                   |     0 |       |            |           |       |
|     using O6 output only                   |     0 |       |            |           |       |
|     using O5 and O6                        |     0 |       |            |           |       |
|   LUT as Shift Register                    |     0 |     0 |            |           |       |
|     using O5 output only                   |     0 |       |            |           |       |
|     using O6 output only                   |     0 |       |            |           |       |
|     using O5 and O6                        |     0 |       |            |           |       |
| Slice Registers                            | 27837 |     0 |          0 |   2443200 |  1.14 |
|   Register driven from within the Slice    | 17584 |       |            |           |       |
|   Register driven from outside the Slice   | 10253 |       |            |           |       |
|     LUT in front of the register is unused |  4255 |       |            |           |       |
|     LUT in front of the register is used   |  5998 |       |            |           |       |
+--------------------------------------------+-------+-------+------------+-----------+-------+


3. Memory
---------

+----------------+------+-------+------------+-----------+-------+
|    Site Type   | Used | Fixed | Prohibited | Available | Util% |
+----------------+------+-------+------------+-----------+-------+
| Block RAM Tile |    0 |     0 |          0 |      1292 |  0.00 |
|   RAMB36/FIFO* |    0 |     0 |          0 |      1292 |  0.00 |
|   RAMB18       |    0 |     0 |          0 |      2584 |  0.00 |
+----------------+------+-------+------------+-----------+-------+
* Note: Each Block RAM Tile only has one FIFO logic available and therefore can accommodate only one FIFO36E1 or one FIFO18E1. However, if a FIFO18E1 occupies a Block RAM Tile, that tile can still accommodate a RAMB18E1


4. DSP
------

+----------------+------+-------+------------+-----------+-------+
|    Site Type   | Used | Fixed | Prohibited | Available | Util% |
+----------------+------+-------+------------+-----------+-------+
| DSPs           |  140 |     0 |          0 |      2160 |  6.48 |
|   DSP48E1 only |  140 |       |            |           |       |
+----------------+------+-------+------------+-----------+-------+


5. IO and GT Specific
---------------------

+-----------------------------+------+-------+------------+-----------+-------+
|          Site Type          | Used | Fixed | Prohibited | Available | Util% |
+-----------------------------+------+-------+------------+-----------+-------+
| Bonded IOB                  |    0 |     0 |          0 |       850 |  0.00 |
| Bonded IPADs                |    0 |     0 |          0 |       110 |  0.00 |
| Bonded OPADs                |    0 |     0 |          0 |        72 |  0.00 |
| PHY_CONTROL                 |    0 |     0 |          0 |        24 |  0.00 |
| PHASER_REF                  |    0 |     0 |          0 |        24 |  0.00 |
| OUT_FIFO                    |    0 |     0 |          0 |        96 |  0.00 |
| IN_FIFO                     |    0 |     0 |          0 |        96 |  0.00 |
| IDELAYCTRL                  |    0 |     0 |          0 |        24 |  0.00 |
| IBUFDS                      |    0 |     0 |          0 |       816 |  0.00 |
| GTXE2_COMMON                |    0 |     0 |          0 |         9 |  0.00 |
| GTXE2_CHANNEL               |    0 |     0 |          0 |        36 |  0.00 |
| PHASER_OUT/PHASER_OUT_PHY   |    0 |     0 |          0 |        96 |  0.00 |
| PHASER_IN/PHASER_IN_PHY     |    0 |     0 |          0 |        96 |  0.00 |
| IDELAYE2/IDELAYE2_FINEDELAY |    0 |     0 |          0 |      1200 |  0.00 |
| ODELAYE2/ODELAYE2_FINEDELAY |    0 |     0 |          0 |      1200 |  0.00 |
| IBUFDS_GTE2                 |    0 |     0 |          0 |        18 |  0.00 |
| ILOGIC                      |    0 |     0 |          0 |       850 |  0.00 |
| OLOGIC                      |    0 |     0 |          0 |       850 |  0.00 |
+-----------------------------+------+-------+------------+-----------+-------+


6. Clocking
-----------

+------------+------+-------+------------+-----------+-------+
|  Site Type | Used | Fixed | Prohibited | Available | Util% |
+------------+------+-------+------------+-----------+-------+
| BUFGCTRL   |    0 |     0 |          0 |       128 |  0.00 |
| BUFIO      |    0 |     0 |          0 |        96 |  0.00 |
| MMCME2_ADV |    0 |     0 |          0 |        24 |  0.00 |
| PLLE2_ADV  |    0 |     0 |          0 |        24 |  0.00 |
| BUFMRCE    |    0 |     0 |          0 |        48 |  0.00 |
| BUFHCE     |    0 |     0 |          0 |       288 |  0.00 |
| BUFR       |    0 |     0 |          0 |        96 |  0.00 |
+------------+------+-------+------------+-----------+-------+


7. Specific Feature
-------------------

+-------------+------+-------+------------+-----------+-------+
|  Site Type  | Used | Fixed | Prohibited | Available | Util% |
+-------------+------+-------+------------+-----------+-------+
| BSCANE2     |    0 |     0 |          0 |        16 |  0.00 |
| CAPTUREE2   |    0 |     0 |          0 |         4 |  0.00 |
| DNA_PORT    |    0 |     0 |          0 |         1 |  0.00 |
| EFUSE_USR   |    0 |     0 |          0 |         1 |  0.00 |
| FRAME_ECCE2 |    0 |     0 |          0 |         4 |  0.00 |
| ICAPE2      |    0 |     0 |          0 |         8 |  0.00 |
| PCIE_2_1    |    0 |     0 |          0 |         4 |  0.00 |
| STARTUPE2   |    0 |     0 |          0 |         4 |  0.00 |
| XADC        |    0 |     0 |          0 |         1 |  0.00 |
+-------------+------+-------+------------+-----------+-------+


8. Primitives
-------------

+----------+-------+---------------------+
| Ref Name |  Used | Functional Category |
+----------+-------+---------------------+
| LUT2     | 30579 |                 LUT |
| FDRE     | 27708 |        Flop & Latch |
| LUT4     | 23050 |                 LUT |
| LUT6     | 22219 |                 LUT |
| CARRY4   | 10375 |          CarryLogic |
| LUT5     | 10345 |                 LUT |
| LUT3     |  3683 |                 LUT |
| MUXF7    |   701 |               MuxFx |
| LUT1     |   449 |                 LUT |
| MUXF8    |   348 |               MuxFx |
| DSP48E1  |   140 |    Block Arithmetic |
| FDSE     |   129 |        Flop & Latch |
+----------+-------+---------------------+


9. Black Boxes
--------------

+----------+------+
| Ref Name | Used |
+----------+------+


10. Instantiated Netlists
-------------------------

+----------+------+
| Ref Name | Used |
+----------+------+


11. SLR Connectivity
--------------------

+----------------------------------+------+-------+-----------+-------+
|                                  | Used | Fixed | Available | Util% |
+----------------------------------+------+-------+-----------+-------+
| SLR3 <-> SLR2                    |    3 |       |     13440 |  0.02 |
|   SLR2 -> SLR3                   |    2 |       |           |  0.01 |
|     Using TX_REG only            |    0 |     0 |           |       |
|     Using RX_REG only            |    0 |     0 |           |       |
|     Using Both TX_REG and RX_REG |    0 |     0 |           |       |
|   SLR3 -> SLR2                   |    1 |       |           | <0.01 |
|     Using TX_REG only            |    0 |     0 |           |       |
|     Using RX_REG only            |    0 |     0 |           |       |
|     Using Both TX_REG and RX_REG |    0 |     0 |           |       |
| SLR2 <-> SLR1                    |    0 |       |     13440 |  0.00 |
|   SLR1 -> SLR2                   |    0 |       |           |  0.00 |
|     Using TX_REG only            |    0 |     0 |           |       |
|     Using RX_REG only            |    0 |     0 |           |       |
|     Using Both TX_REG and RX_REG |    0 |     0 |           |       |
|   SLR2 -> SLR1                   |    0 |       |           |  0.00 |
|     Using TX_REG only            |    0 |     0 |           |       |
|     Using RX_REG only            |    0 |     0 |           |       |
|     Using Both TX_REG and RX_REG |    0 |     0 |           |       |
| SLR1 <-> SLR0                    |    0 |       |     13440 |  0.00 |
|   SLR0 -> SLR1                   |    0 |       |           |  0.00 |
|     Using TX_REG only            |    0 |     0 |           |       |
|     Using RX_REG only            |    0 |     0 |           |       |
|     Using Both TX_REG and RX_REG |    0 |     0 |           |       |
|   SLR1 -> SLR0                   |    0 |       |           |  0.00 |
|     Using TX_REG only            |    0 |     0 |           |       |
|     Using RX_REG only            |    0 |     0 |           |       |
|     Using Both TX_REG and RX_REG |    0 |     0 |           |       |
+----------------------------------+------+-------+-----------+-------+
| Total SLLs Used                  |    3 |       |           |       |
+----------------------------------+------+-------+-----------+-------+


12. SLR Connectivity Matrix
---------------------------

+-----------+------+------+------+------+
| FROM \ TO | SLR3 | SLR2 | SLR1 | SLR0 |
+-----------+------+------+------+------+
| SLR3      |    0 |    1 |    0 |    0 |
| SLR2      |    2 |    0 |    0 |    0 |
| SLR1      |    0 |    0 |    0 |    0 |
| SLR0      |    0 |    0 |    0 |    0 |
+-----------+------+------+------+------+


13. SLR Slice Logic and Dedicated Block Utilization
---------------------------------------------------

+----------------------------+------+------+------+-------+--------+--------+--------+--------+
|          Site Type         | SLR0 | SLR1 | SLR2 |  SLR3 | SLR0 % | SLR1 % | SLR2 % | SLR3 % |
+----------------------------+------+------+------+-------+--------+--------+--------+--------+
| Slice                      |    0 |    0 |    1 | 20050 |   0.00 |   0.00 |  <0.01 |  26.26 |
|   SLICEL                   |    0 |    0 |    0 | 14127 |   0.00 |   0.00 |   0.00 |  25.78 |
|   SLICEM                   |    0 |    0 |    1 |  5923 |   0.00 |   0.00 |  <0.01 |  27.48 |
| Slice LUTs                 |    0 |    0 |    1 | 70612 |   0.00 |   0.00 |  <0.01 |  23.12 |
|   LUT as Logic             |    0 |    0 |    1 | 70612 |   0.00 |   0.00 |  <0.01 |  23.12 |
|     using O5 output only   |    0 |    0 |    0 |     3 |   0.00 |   0.00 |   0.00 |  <0.01 |
|     using O6 output only   |    0 |    0 |    1 | 50897 |   0.00 |   0.00 |  <0.01 |  16.67 |
|     using O5 and O6        |    0 |    0 |    0 | 19712 |   0.00 |   0.00 |   0.00 |   6.45 |
|   LUT as Memory            |    0 |    0 |    0 |     0 |   0.00 |   0.00 |   0.00 |   0.00 |
|     LUT as Distributed RAM |    0 |    0 |    0 |     0 |   0.00 |   0.00 |   0.00 |   0.00 |
|     LUT as Shift Register  |    0 |    0 |    0 |     0 |   0.00 |   0.00 |   0.00 |   0.00 |
| Slice Registers            |    0 |    0 |    0 | 27837 |   0.00 |   0.00 |   0.00 |   4.56 |
| CARRY8                     |    0 |    0 |    0 |     0 |   0.00 |   0.00 |   0.00 |   0.00 |
| F7 Muxes                   |    0 |    0 |    0 |   701 |   0.00 |   0.00 |   0.00 |   0.46 |
| F8 Muxes                   |    0 |    0 |    0 |   348 |   0.00 |   0.00 |   0.00 |   0.46 |
| F9 Muxes                   |    0 |    0 |    0 |     0 |   0.00 |   0.00 |   0.00 |   0.00 |
| Block RAM Tile             |    0 |    0 |    0 |     0 |   0.00 |   0.00 |   0.00 |   0.00 |
|   RAMB36/FIFO              |    0 |    0 |    0 |     0 |   0.00 |   0.00 |   0.00 |   0.00 |
|   RAMB18                   |    0 |    0 |    0 |     0 |   0.00 |   0.00 |   0.00 |   0.00 |
| DSPs                       |    0 |    0 |    0 |   140 |   0.00 |   0.00 |   0.00 |  25.93 |
| PLL                        |    0 |    0 |    0 |     0 |   0.00 |   0.00 |   0.00 |   0.00 |
| HPLL                       |    0 |    0 |    0 |     0 |   0.00 |   0.00 |   0.00 |   0.00 |
| MMCM                       |    0 |    0 |    0 |     0 |   0.00 |   0.00 |   0.00 |   0.00 |
| Unique Control Sets        |    0 |    0 |    0 |   636 |   0.00 |   0.00 |   0.00 |   0.83 |
+----------------------------+------+------+------+-------+--------+--------+--------+--------+
* Note: Available Control Sets based on Slice Registers / 8


14. SLR IO Utilization
----------------------

+-----------+-----------+---------+------------+----------+------------+----------+-----+
| SLR Index | Used IOBs | (%)IOBs | Used IPADs | (%)IPADs | Used OPADs | (%)OPADs | GTs |
+-----------+-----------+---------+------------+----------+------------+----------+-----+
| SLR3      |         0 |    0.00 |          0 |     0.00 |          0 |     0.00 |   0 |
| SLR2      |         0 |    0.00 |          0 |     0.00 |          0 |     0.00 |   0 |
| SLR1      |         0 |    0.00 |          0 |     0.00 |          0 |     0.00 |   0 |
| SLR0      |         0 |    0.00 |          0 |     0.00 |          0 |     0.00 |   0 |
+-----------+-----------+---------+------------+----------+------------+----------+-----+
| Total     |         0 |         |          0 |          |          0 |          |   0 |
+-----------+-----------+---------+------------+----------+------------+----------+-----+


