Copyright 1986-2022 Xilinx, Inc. All Rights Reserved. Copyright 2022-2026 Advanced Micro Devices, Inc. All Rights Reserved.
----------------------------------------------------------------------------------------------------------------------------------------------
| Tool Version : Vivado v.2026.1 (win64) Build 6511674 Tue Jun 16 11:02:23 MDT 2026
| Date         : Fri Jul 31 16:07:39 2026
| Host         : MSI running 64-bit major release  (build 9200)
| Command      : report_utilization -file C:/Users/kanak/Downloads/FPGA-speed-up-Project-main/synth/ooc/reports/chaining_pe_pair_top_util.rpt
| Design       : chaining_pe_pair_top
| Device       : xc7v2000tfhg1761-2
| Speed File   : -2
| Design State : Synthesized
----------------------------------------------------------------------------------------------------------------------------------------------

Utilization Design Information

Table of Contents
-----------------
1. Slice Logic
1.1 Summary of Registers by Type
2. Memory
3. DSP
4. IO and GT Specific
5. Clocking
6. Specific Feature
7. Primitives
8. Black Boxes
9. Instantiated Netlists
10. SLR Connectivity
11. SLR Connectivity Matrix
12. SLR IO Utilization

1. Slice Logic
--------------

+----------------------------+--------+-------+------------+-----------+-------+
|          Site Type         |  Used  | Fixed | Prohibited | Available | Util% |
+----------------------------+--------+-------+------------+-----------+-------+
| Slice LUTs*                | 190184 |     0 |          0 |   1221600 | 15.57 |
|   LUT as Logic             | 164322 |     0 |          0 |   1221600 | 13.45 |
|   LUT as Memory            |  25862 |     0 |          0 |    344800 |  7.50 |
|     LUT as Distributed RAM |  25862 |     0 |            |           |       |
|     LUT as Shift Register  |      0 |     0 |            |           |       |
| Slice Registers            |  79563 |     0 |          0 |   2443200 |  3.26 |
|   Register as Flip Flop    |  79563 |     0 |          0 |   2443200 |  3.26 |
|   Register as Latch        |      0 |     0 |          0 |   2443200 |  0.00 |
| F7 Muxes                   |   6775 |     0 |          0 |    610800 |  1.11 |
| F8 Muxes                   |   3289 |     0 |          0 |    305400 |  1.08 |
| Unique Control Sets        |   1247 |       |          0 |    305400 |  0.41 |
+----------------------------+--------+-------+------------+-----------+-------+
* Warning! The Final LUT count, after physical optimizations and full implementation, is typically lower. Run opt_design after synthesis, if not already completed, for a more realistic count.
Warning! LUT value is adjusted to account for LUT combining.
Warning! For any ECO changes, please run place_design if there are unplaced instances
** Note: Available Control Sets calculated as Slice * 1, Review the Control Sets Report for more information regarding control sets.


1.1 Summary of Registers by Type
--------------------------------

+-------+--------------+-------------+--------------+
| Total | Clock Enable | Synchronous | Asynchronous |
+-------+--------------+-------------+--------------+
| 0     |            _ |           - |            - |
| 0     |            _ |           - |          Set |
| 0     |            _ |           - |        Reset |
| 0     |            _ |         Set |            - |
| 0     |            _ |       Reset |            - |
| 0     |          Yes |           - |            - |
| 0     |          Yes |           - |          Set |
| 7     |          Yes |           - |        Reset |
| 129   |          Yes |         Set |            - |
| 79427 |          Yes |       Reset |            - |
+-------+--------------+-------------+--------------+


2. Memory
---------

+-------------------+------+-------+------------+-----------+-------+
|     Site Type     | Used | Fixed | Prohibited | Available | Util% |
+-------------------+------+-------+------------+-----------+-------+
| Block RAM Tile    |   42 |     0 |          0 |      1292 |  3.25 |
|   RAMB36/FIFO*    |   28 |     0 |          0 |      1292 |  2.17 |
|     RAMB36E1 only |   28 |       |            |           |       |
|   RAMB18          |   28 |     0 |          0 |      2584 |  1.08 |
|     RAMB18E1 only |   28 |       |            |           |       |
+-------------------+------+-------+------------+-----------+-------+
* Note: Each Block RAM Tile only has one FIFO logic available and therefore can accommodate only one FIFO36E1 or one FIFO18E1. However, if a FIFO18E1 occupies a Block RAM Tile, that tile can still accommodate a RAMB18E1


3. DSP
------

+----------------+------+-------+------------+-----------+-------+
|    Site Type   | Used | Fixed | Prohibited | Available | Util% |
+----------------+------+-------+------------+-----------+-------+
| DSPs           |  154 |     0 |          0 |      2160 |  7.13 |
|   DSP48E1 only |  154 |       |            |           |       |
+----------------+------+-------+------------+-----------+-------+


4. IO and GT Specific
---------------------

+-----------------------------+------+-------+------------+-----------+-------+
|          Site Type          | Used | Fixed | Prohibited | Available | Util% |
+-----------------------------+------+-------+------------+-----------+-------+
| Bonded IOB                  |    0 |     0 |          0 |       850 |  0.00 |
| Bonded IPADs                |    0 |     0 |          0 |       110 |  0.00 |
| Bonded OPADs                |    0 |     0 |          0 |        72 |  0.00 |
| PHY_CONTROL                 |    0 |     0 |          0 |        24 |  0.00 |
| PHASER_REF                  |    0 |     0 |          0 |        24 |  0.00 |
| OUT_FIFO                    |    0 |     0 |          0 |        96 |  0.00 |
| IN_FIFO                     |    0 |     0 |          0 |        96 |  0.00 |
| IDELAYCTRL                  |    0 |     0 |          0 |        24 |  0.00 |
| IBUFDS                      |    0 |     0 |          0 |       816 |  0.00 |
| GTXE2_COMMON                |    0 |     0 |          0 |         9 |  0.00 |
| GTXE2_CHANNEL               |    0 |     0 |          0 |        36 |  0.00 |
| PHASER_OUT/PHASER_OUT_PHY   |    0 |     0 |          0 |        96 |  0.00 |
| PHASER_IN/PHASER_IN_PHY     |    0 |     0 |          0 |        96 |  0.00 |
| IDELAYE2/IDELAYE2_FINEDELAY |    0 |     0 |          0 |      1200 |  0.00 |
| ODELAYE2/ODELAYE2_FINEDELAY |    0 |     0 |          0 |      1200 |  0.00 |
| IBUFDS_GTE2                 |    0 |     0 |          0 |        18 |  0.00 |
| ILOGIC                      |    0 |     0 |          0 |       850 |  0.00 |
| OLOGIC                      |    0 |     0 |          0 |       850 |  0.00 |
+-----------------------------+------+-------+------------+-----------+-------+


5. Clocking
-----------

+------------+------+-------+------------+-----------+-------+
|  Site Type | Used | Fixed | Prohibited | Available | Util% |
+------------+------+-------+------------+-----------+-------+
| BUFGCTRL   |    0 |     0 |          0 |       128 |  0.00 |
| BUFIO      |    0 |     0 |          0 |        96 |  0.00 |
| MMCME2_ADV |    0 |     0 |          0 |        24 |  0.00 |
| PLLE2_ADV  |    0 |     0 |          0 |        24 |  0.00 |
| BUFMRCE    |    0 |     0 |          0 |        48 |  0.00 |
| BUFHCE     |    0 |     0 |          0 |       288 |  0.00 |
| BUFR       |    0 |     0 |          0 |        96 |  0.00 |
+------------+------+-------+------------+-----------+-------+


6. Specific Feature
-------------------

+-------------+------+-------+------------+-----------+-------+
|  Site Type  | Used | Fixed | Prohibited | Available | Util% |
+-------------+------+-------+------------+-----------+-------+
| BSCANE2     |    0 |     0 |          0 |        16 |  0.00 |
| CAPTUREE2   |    0 |     0 |          0 |         4 |  0.00 |
| DNA_PORT    |    0 |     0 |          0 |         1 |  0.00 |
| EFUSE_USR   |    0 |     0 |          0 |         1 |  0.00 |
| FRAME_ECCE2 |    0 |     0 |          0 |         4 |  0.00 |
| ICAPE2      |    0 |     0 |          0 |         8 |  0.00 |
| PCIE_2_1    |    0 |     0 |          0 |         4 |  0.00 |
| STARTUPE2   |    0 |     0 |          0 |         4 |  0.00 |
| XADC        |    0 |     0 |          0 |         1 |  0.00 |
+-------------+------+-------+------------+-----------+-------+


7. Primitives
-------------

+----------+-------+---------------------+
| Ref Name |  Used | Functional Category |
+----------+-------+---------------------+
| FDRE     | 79427 |        Flop & Latch |
| LUT6     | 68038 |                 LUT |
| LUT4     | 38793 |                 LUT |
| LUT2     | 36770 |                 LUT |
| LUT5     | 34605 |                 LUT |
| RAMD64E  | 25768 |  Distributed Memory |
| LUT3     | 15888 |                 LUT |
| CARRY4   | 13292 |          CarryLogic |
| MUXF7    |  6775 |               MuxFx |
| MUXF8    |  3289 |               MuxFx |
| LUT1     |  1280 |                 LUT |
| DSP48E1  |   154 |    Block Arithmetic |
| RAMD32   |   132 |  Distributed Memory |
| FDSE     |   129 |        Flop & Latch |
| RAMS32   |    44 |  Distributed Memory |
| RAMB36E1 |    28 |        Block Memory |
| RAMB18E1 |    28 |        Block Memory |
| FDCE     |     7 |        Flop & Latch |
| RAMS64E  |     6 |  Distributed Memory |
+----------+-------+---------------------+


8. Black Boxes
--------------

+----------+------+
| Ref Name | Used |
+----------+------+


9. Instantiated Netlists
------------------------

+----------+------+
| Ref Name | Used |
+----------+------+


10. SLR Connectivity
--------------------

+----------------------------------+------+-------+-----------+-------+
|                                  | Used | Fixed | Available | Util% |
+----------------------------------+------+-------+-----------+-------+
| SLR3 <-> SLR2                    |    0 |       |     13440 |  0.00 |
|   SLR2 -> SLR3                   |    0 |       |           |  0.00 |
|     Using TX_REG only            |    0 |     0 |           |       |
|     Using RX_REG only            |    0 |     0 |           |       |
|     Using Both TX_REG and RX_REG |    0 |     0 |           |       |
|   SLR3 -> SLR2                   |    0 |       |           |  0.00 |
|     Using TX_REG only            |    0 |     0 |           |       |
|     Using RX_REG only            |    0 |     0 |           |       |
|     Using Both TX_REG and RX_REG |    0 |     0 |           |       |
| SLR2 <-> SLR1                    |    0 |       |     13440 |  0.00 |
|   SLR1 -> SLR2                   |    0 |       |           |  0.00 |
|     Using TX_REG only            |    0 |     0 |           |       |
|     Using RX_REG only            |    0 |     0 |           |       |
|     Using Both TX_REG and RX_REG |    0 |     0 |           |       |
|   SLR2 -> SLR1                   |    0 |       |           |  0.00 |
|     Using TX_REG only            |    0 |     0 |           |       |
|     Using RX_REG only            |    0 |     0 |           |       |
|     Using Both TX_REG and RX_REG |    0 |     0 |           |       |
| SLR1 <-> SLR0                    |    0 |       |     13440 |  0.00 |
|   SLR0 -> SLR1                   |    0 |       |           |  0.00 |
|     Using TX_REG only            |    0 |     0 |           |       |
|     Using RX_REG only            |    0 |     0 |           |       |
|     Using Both TX_REG and RX_REG |    0 |     0 |           |       |
|   SLR1 -> SLR0                   |    0 |       |           |  0.00 |
|     Using TX_REG only            |    0 |     0 |           |       |
|     Using RX_REG only            |    0 |     0 |           |       |
|     Using Both TX_REG and RX_REG |    0 |     0 |           |       |
+----------------------------------+------+-------+-----------+-------+
| Total SLLs Used                  |    0 |       |           |       |
+----------------------------------+------+-------+-----------+-------+
* Note: Design has unplaced instances. SLR connectivity information is only available after placement. Run place_design to obtain accurate SLR crossing data.


11. SLR Connectivity Matrix
---------------------------

+-----------+------+------+------+------+
| FROM \ TO | SLR3 | SLR2 | SLR1 | SLR0 |
+-----------+------+------+------+------+
| SLR3      |    0 |    0 |    0 |    0 |
| SLR2      |    0 |    0 |    0 |    0 |
| SLR1      |    0 |    0 |    0 |    0 |
| SLR0      |    0 |    0 |    0 |    0 |
+-----------+------+------+------+------+


12. SLR IO Utilization
----------------------

+-----------+-----------+---------+------------+----------+------------+----------+-----+
| SLR Index | Used IOBs | (%)IOBs | Used IPADs | (%)IPADs | Used OPADs | (%)OPADs | GTs |
+-----------+-----------+---------+------------+----------+------------+----------+-----+
| SLR3      |         0 |    0.00 |          0 |     0.00 |          0 |     0.00 |   0 |
| SLR2      |         0 |    0.00 |          0 |     0.00 |          0 |     0.00 |   0 |
| SLR1      |         0 |    0.00 |          0 |     0.00 |          0 |     0.00 |   0 |
| SLR0      |         0 |    0.00 |          0 |     0.00 |          0 |     0.00 |   0 |
+-----------+-----------+---------+------------+----------+------------+----------+-----+
| Total     |         0 |         |          0 |          |          0 |          |   0 |
+-----------+-----------+---------+------------+----------+------------+----------+-----+
* Note: Design has unplaced instances. SLR-based utilization values are only available after placement. Run place_design to obtain accurate per-SLR information.


